../Core/Src/main.c:464:13:MX_GPIO_Init	8	static
../Core/Src/main.c:125:6:HAL_CAN_RxFifo0MsgPendingCallback	16	static
../Core/Src/main.c:192:6:CAN_Mode	0	static
../Core/Src/main.c:213:6:CAN_TSeg1	0	static
../Core/Src/main.c:268:6:CAN_TSeg2	0	static
../Core/Src/main.c:299:6:CAN_SJW	0	static
../Core/Src/main.c:80:6:HAL_UART_RxCpltCallback	8	static
../Core/Src/main.c:480:6:Error_Handler	0	static,ignoring_inline_asm
../Core/Src/main.c:377:13:MX_CAN1_Init	8	static
../Core/Src/main.c:414:13:MX_USART2_UART_Init	48	static
../Core/Src/main.c:328:6:SystemClock_Config	96	static
../Core/Src/main.c:144:5:main	8	static
