../Core/Src/main.c:485:13:MX_GPIO_Init	1
../Core/Src/main.c:141:6:HAL_CAN_RxFifo0MsgPendingCallback	1
../Core/Src/main.c:213:6:CAN_Mode	5
../Core/Src/main.c:234:6:CAN_TSeg1	17
../Core/Src/main.c:289:6:CAN_TSeg2	9
../Core/Src/main.c:320:6:CAN_SJW	5
../Core/Src/main.c:80:6:HAL_UART_RxCpltCallback	7
../Core/Src/main.c:501:6:Error_Handler	1
../Core/Src/main.c:398:13:MX_CAN1_Init	1
../Core/Src/main.c:435:13:MX_USART2_UART_Init	1
../Core/Src/main.c:349:6:SystemClock_Config	1
../Core/Src/main.c:165:5:main	1
