../Core/Src/main.c:485:13:MX_GPIO_Init	8	static
../Core/Src/main.c:141:6:HAL_CAN_RxFifo0MsgPendingCallback	16	static
../Core/Src/main.c:213:6:CAN_Mode	0	static
../Core/Src/main.c:234:6:CAN_TSeg1	0	static
../Core/Src/main.c:289:6:CAN_TSeg2	0	static
../Core/Src/main.c:320:6:CAN_SJW	0	static
../Core/Src/main.c:80:6:HAL_UART_RxCpltCallback	8	static
../Core/Src/main.c:501:6:Error_Handler	0	static,ignoring_inline_asm
../Core/Src/main.c:398:13:MX_CAN1_Init	8	static
../Core/Src/main.c:435:13:MX_USART2_UART_Init	48	static
../Core/Src/main.c:349:6:SystemClock_Config	96	static
../Core/Src/main.c:165:5:main	8	static
