FILE_TYPE=LIBRARY_PARTS;
PRIMITIVE 'ERJ_UP3F56R0V','ERJ_UP3F56R0V_Other';
  PIN
    '1':
      PIN_NUMBER='(1)';
      NO_LOAD_CHECK=BOTH;
      NO_IO_CHECK=BOTH;
      ALLOW_CONNECT=TRUE;
      PINUSE='UNSPEC';
    '2':
      PIN_NUMBER='(2)';
      NO_LOAD_CHECK=BOTH;
      NO_IO_CHECK=BOTH;
      ALLOW_CONNECT=TRUE;
      PINUSE='UNSPEC';
  END_PIN;
  BODY
    PART_NAME='ERJ_UP3F56R0V';
    PHYS_DES_PREFIX='R';
    NO_LOAD_CHECK='TRUE';
    PIN_COUNT='2';
    BODY_NAME='ERJ_UP3F56R0V';
    JEDEC_TYPE='ERJUP3';
  END_BODY;
END_PRIMITIVE;
END.
