FILE_TYPE=LIBRARY_PARTS;
PRIMITIVE 'ECH_U1C104JX5','ECH_U1C104JX5_Other';
  PIN
    '1':
      PIN_NUMBER='(1)';
      NO_LOAD_CHECK=BOTH;
      NO_IO_CHECK=BOTH;
      ALLOW_CONNECT=TRUE;
      PINUSE='UNSPEC';
    '2':
      PIN_NUMBER='(2)';
      NO_LOAD_CHECK=BOTH;
      NO_IO_CHECK=BOTH;
      ALLOW_CONNECT=TRUE;
      PINUSE='UNSPEC';
  END_PIN;
  BODY
    PART_NAME='ECH_U1C104JX5';
    PHYS_DES_PREFIX='C';
    NO_LOAD_CHECK='TRUE';
    PIN_COUNT='2';
    BODY_NAME='ECH_U1C104JX5';
    JEDEC_TYPE='ECHU_G3_18';
  END_BODY;
END_PRIMITIVE;
END.
