FILE_TYPE=LIBRARY_PARTS;
PRIMITIVE '961102_6404_AR','961102_6404_AR_Header, Vertical';
  PIN
    '1':
      PIN_NUMBER='(1)';
      NO_LOAD_CHECK=BOTH;
      NO_IO_CHECK=BOTH;
      ALLOW_CONNECT=TRUE;
      PINUSE='UNSPEC';
    '2':
      PIN_NUMBER='(2)';
      NO_LOAD_CHECK=BOTH;
      NO_IO_CHECK=BOTH;
      ALLOW_CONNECT=TRUE;
      PINUSE='UNSPEC';
  END_PIN;
  BODY
    PART_NAME='961102_6404_AR';
    PHYS_DES_PREFIX='J';
    NO_LOAD_CHECK='TRUE';
    PIN_COUNT='2';
    BODY_NAME='961102_6404_AR';
    JEDEC_TYPE='HDRV2W64P0X254_1X2_508X250X820P';
  END_BODY;
END_PRIMITIVE;
END.
