FILE_TYPE=LIBRARY_PARTS;
PRIMITIVE 'C2012X7R1E105K125AB','C2012X7R1E105K125AB_Other';
  PIN
    '1':
      PIN_NUMBER='(1)';
      NO_LOAD_CHECK=BOTH;
      NO_IO_CHECK=BOTH;
      ALLOW_CONNECT=TRUE;
      PINUSE='UNSPEC';
    '2':
      PIN_NUMBER='(2)';
      NO_LOAD_CHECK=BOTH;
      NO_IO_CHECK=BOTH;
      ALLOW_CONNECT=TRUE;
      PINUSE='UNSPEC';
  END_PIN;
  BODY
    PART_NAME='C2012X7R1E105K125AB';
    PHYS_DES_PREFIX='C';
    NO_LOAD_CHECK='TRUE';
    PIN_COUNT='2';
    BODY_NAME='C2012X7R1E105K125AB';
    JEDEC_TYPE='C2012_Commercial';
  END_BODY;
END_PRIMITIVE;
END.
